FULL_WORDS 4194304 MASS [0.9999999999997312296424676,1.000000000000268880078793] FMAX 25.7227342437602792546425 VMAX 2417.633838916604539948097 460.5621485224022716720161 15265.0212476837410005004
WALSH_DONE
COEFF 0 0 [18.99126946888065424652592,18.9912694688869029720213] [4.193529404555933540448693,4.19352940455708277089908] [144.8307913299720526695281,144.8307913300077738316674]
COEFF 0 1 [0.2334833358032168314303559,0.2334833358032772632466995] [0.05445856665789668234927465,0.05445856665790776553483211] [1.903577245995211732827908,1.903577245995556274063728]
COEFF 0 2 [-7.804835258668905141024758e-05,-7.804835258639402562602395e-05] [-4.830936962215841217057931e-07,-4.830936961675729709051473e-07] [7.458895226777664695856586e-05,7.458895226945582984891649e-05]
COEFF 0 3 [7.9808086475115626195978e-08,7.980808647607566373760729e-08] [2.76389292393277667657401e-08,2.763892923950332756602366e-08] [1.553751750447941470881024e-06,1.553751750453397879490199e-06]
COEFF 0 4 [3.900996085606439132092913e-10,3.900996085629689163919265e-10] [9.009184980897668377577101e-11,9.009184980940150421754183e-11] [4.363603165704514377550202e-09,4.363603165717709151110825e-09]
COEFF 0 5 [9.060159745076814079953574e-13,9.060159745121214591904475e-13] [2.110954341555318596718381e-13,2.110954341563425502318512e-13] [9.068789264032618002129379e-12,9.068789264057777023861596e-12]
COEFF 0 6 [1.60834252345698632391537e-15,1.608342523463907128903809e-15] [3.87114187959439306967326e-16,3.871141879607020967651055e-16] [1.563502021811358667866058e-14,1.563502021815274264480412e-14]
COEFF 0 7 [2.376157013185063436268767e-18,2.376157013194063708071601e-18] [5.833561646914436800324075e-19,5.833561646930848966404069e-19] [2.286785035137017839593474e-17,2.286785035142102718501707e-17]
COEFF 0 8 [2.980968274046800175479185e-21,2.98096827405670602670063e-21] [7.432483180331085678418653e-22,7.432483180349139799065102e-22] [2.862896840311571983807445e-20,2.86289684031716143534797e-20]
COEFF 1 0 [-1.302629619375545839640197,-1.302629619375001559741268] [-0.2813445936109679087729421,-0.2813445936108672998257704] [-10.1946615682696620800926,-10.19466156826654527726983]
COEFF 1 1 [0.01066106528501271061536984,0.01066106528501755342375478] [0.001929092326949617967005253,0.001929092326950510343002602] [0.07419583193054059495533505,0.07419583193056822435692286]
COEFF 1 2 [2.637019841383845234888177e-06,2.637019841405623109984262e-06] [7.389050738177854599349644e-07,7.389050738217865620778915e-07] [2.747674879070424869068044e-05,2.747674879082813145136773e-05]
COEFF 1 3 [1.501590010267920291783181e-09,1.501590010333129308123423e-09] [1.177781620530587994506126e-09,1.177781620542537951010917e-09] [1.601607222413177959249531e-08,1.601607222450184367432633e-08]
COEFF 1 4 [-2.919681638666189718836011e-12,-2.919681638521226078447315e-12] [6.151263635757547759581876e-13,6.151263636022667826924953e-13] [-3.177599659133791227961211e-11,-3.177599659051681353851374e-11]
COEFF 1 5 [-1.323810552135691398439996e-14,-1.323810552110364064432921e-14] [-1.706345207961503998616631e-15,-1.706345207915252691624186e-15] [-1.387339222886634145126568e-13,-1.387339222872311134785248e-13]
COEFF 1 6 [-2.979244472681046555998629e-17,-2.979244472645073675084573e-17] [-5.613711533320643944979098e-18,-5.613711533255022052966139e-18] [-3.031389758739987150245764e-16,-3.031389758719671506394121e-16]
COEFF 1 7 [-4.903600307802748249944889e-20,-4.903600307760314160777539e-20] [-1.031249790092107319603646e-20,-1.0312497900843721930415e-20] [-4.910691702428493712962956e-19,-4.910691702404557307225269e-19]
COEFF 2 0 [-0.1435160453062033213166622,-0.1435160453061761942123884] [-0.03116982313058174728564802,-0.03116982313057675858515528] [-1.082812830255006617094677,-1.082812830254851331479581]
COEFF 2 1 [-3.391701132373974749693869e-05,-3.391701132351826791592904e-05] [-1.941363742422361007901057e-05,-1.941363742418296917846659e-05] [-0.000769781502368413539377987,-0.0007697815023671499911079311]
COEFF 2 2 [-8.402532819364443232909168e-08,-8.402532819272815076778537e-08] [-4.090806759486651028675956e-08,-4.090806759469871111603405e-08] [-1.475651539920354144152706e-06,-1.475651539915142061328626e-06]
COEFF 2 3 [-2.083669428617009092781372e-10,-2.083669428591785265210712e-10] [-8.05617861294091496696168e-11,-8.056178612894797264189737e-11] [-2.765144498261900335627013e-09,-2.765144498247588363166515e-09]
COEFF 2 4 [-3.800137845597956088132019e-13,-3.800137845546522412331872e-13] [-1.305810510251932341433117e-13,-1.305810510242539955063714e-13] [-4.432547425823113725026942e-12,-4.432547425793991578125143e-12]
COEFF 2 5 [-5.604000219916685455929603e-16,-5.604000219834541553313767e-16] [-1.846663793029677050079174e-16,-1.84666379301468983074346e-16] [-6.186504998912072898382767e-15,-6.186504998865642536142648e-15]
COEFF 2 6 [-6.912002649111402726500878e-19,-6.912002649005211943337566e-19] [-2.272770388465185301320654e-19,-2.272770388445823250504983e-19] [-7.399477810290099527661389e-18,-7.399477810230162075055334e-18]
COEFF 3 0 [-8.361464289021668772634137e-06,-8.361464288049279550791947e-06] [0.0001011014430151429193473113,0.0001011014430153211073589369] [0.002254501219461753763612981,0.002254501219467288524435719]
COEFF 3 1 [-1.408173721814151689008383e-07,-1.408173721741844492052647e-07] [1.062143578114254721133077e-07,1.062143578127488441184217e-07] [3.126249155332681433724921e-06,3.126249155373739959355404e-06]
COEFF 3 2 [6.876832348133900152133587e-10,6.876832348407819462026615e-10] [2.469628407018588244195121e-10,2.469628407068664247652676e-10] [1.381471654624895870209268e-08,1.381471654640419605358099e-08]
COEFF 3 3 [2.94565992749995334418953e-12,2.945659927569066890330893e-12] [7.679141968551160141354687e-13,7.679141968677377854142575e-13] [3.93827054309664696834992e-11,3.938270543135750352508832e-11]
COEFF 3 4 [7.232877700903683304729604e-15,7.232877701032658129984293e-15] [1.841086220855098053906358e-15,1.841086220878631320653067e-15] [8.554767046080600842740543e-14,8.554767046153468365824877e-14]
COEFF 3 5 [1.332227044470333595692521e-17,1.332227044489129320864745e-17] [3.431192504583190364504839e-18,3.431192504617462152072102e-18] [1.487858821606629091468243e-16,1.487858821617235094264381e-16]
COEFF 4 0 [4.092837312066726505390142e-06,4.092837312093627880124918e-06] [8.304787704849955674251403e-07,8.304787704899279760380201e-07] [5.314043072440613738296505e-05,5.314043072455915094674101e-05]
COEFF 4 1 [1.152357078950985685605582e-08,1.152357078969124283750418e-08] [4.722245901079996240923369e-09,4.722245901113199738827619e-09] [1.575090658911865220936351e-07,1.575090658922152908219938e-07]
COEFF 4 2 [2.218486201450642928906613e-11,2.218486201513233968886964e-11] [9.912736841686684160783365e-12,9.912736841801087666744621e-12] [2.702783027624510408554069e-10,2.702783027659933194731834e-10]
COEFF 4 3 [3.147991343296663014799859e-14,3.147991343440577203907078e-14] [1.472185349738709215813082e-14,1.472185349764981569593427e-14] [3.611097678988524781476312e-13,3.611097679069834236428996e-13]
COEFF 4 4 [2.949737851467469398489468e-17,2.949737851711858252042146e-17] [1.628196756927187889747499e-17,1.628196756971761535945053e-17] [3.153983476532630218033594e-16,3.153983476670522427301852e-16]
COEFF 5 0 [-3.888720177576846572871328e-08,-3.888720177517343340354087e-08] [-1.913602275418648161999901e-08,-1.913602275407759165301982e-08] [-7.87274184479753155899164e-07,-7.87274184476373547017287e-07]
COEFF 5 1 [-1.556450728430821831844773e-10,-1.556450728394633753527498e-10] [-6.693003045838214652391386e-11,-6.693003045772085549005242e-11] [-2.437157258139973905230169e-09,-2.437157258119472486789377e-09]
COEFF 5 2 [-4.649157559335717882075656e-13,-4.649157559222465753512665e-13] [-1.624777720297097280704884e-13,-1.624777720276425453949916e-13] [-6.163686804235889298010126e-12,-6.16368680417185282495881e-12]
COEFF 5 3 [-1.029168761722910503860499e-15,-1.029168761699286001478982e-15] [-3.263202544652036838603088e-16,-3.263202544608952318429269e-16] [-1.250404329965717761721275e-14,-1.250404329952380485620397e-14]
COEFF 6 0 [-1.011238635404533157789126e-10,-1.011238635296831274276887e-10] [-2.178376296939549888600914e-12,-2.178376294971859538790867e-12] [5.253307490907221485882701e-10,5.253307491517126298849935e-10]
COEFF 6 1 [-8.281858573752111448627654e-14,-8.281858567868705902547185e-14] [-8.042243956756997694861756e-14,-8.042243955683149446521546e-14] [1.831931697751645355225883e-12,1.831931698084155595961075e-12]
COEFF 6 2 [1.105521963604571895591913e-15,1.105521963770940471683642e-15] [1.049721572530543390000774e-16,1.04972157283395159018832e-16] [1.813574571102820188901817e-14,1.813574571196707385200828e-14]
COEFF 7 0 [5.562509869210833875462613e-12,5.562509869373353748022851e-12] [2.164713130326651821963792e-12,2.164713130356329409378831e-12] [7.468895360361007202823321e-11,7.468895360452934594155774e-11]
COEFF 7 1 [2.135670058647276832570133e-14,2.135670058726528971192291e-14] [8.055868406298883871809901e-15,8.055868406443451913362867e-15] [2.711731628484713132880428e-13,2.711731628529452857978802e-13]
COEFF 8 0 [-3.869040364724071520689978e-14,-3.869040364517196157653993e-14] [-1.45896400796216383857424e-14,-1.458964007924420611378386e-14] [-6.060417058506546084182534e-13,-6.06041705838967688933237e-13]
COEFFICIENT_ENCLOSURES_COMPLETE degree 8 normalization 1/4194304
