NODE 0 0 1833166929 1833166930 100000000 leaves 4194304 mass [0.999999999999908495721887,1.00000000000009149278557] expectation [18.331669298989576394332,18.3316692989943882743931] max_relative 8.2985403094147384516721e-06 seconds 5.13419400000000081263352
NODE 0 1 1823833375 1823833376 100000000 leaves 4194304 mass [0.999999999999908664044274,1.00000000000009135151403] expectation [18.2383337595425326464749,18.2383337595473806660301] max_relative 6.08608766550428971726814e-06 seconds 5.27206900000000011630163
NODE 0 2 1813868159 1813868160 100000000 leaves 4194304 mass [0.999999999999908894545656,1.00000000000009110442435] expectation [18.1386815918490878034308,18.1386815918539720943192] max_relative 4.50935349800228830795154e-06 seconds 5.30192900000000033600145
NODE 0 3 1803265306 1803265307 100000000 leaves 4194304 mass [0.99999999999990922604047,1.00000000000009080236563] expectation [18.0326530647673039381429,18.0326530647722240632141] max_relative 3.37757552628545121759981e-06 seconds 5.31290100000000009572432
NODE 0 4 1792018865 1792018866 100000000 leaves 4194304 mass [0.999999999999909273962206,1.00000000000009071476209] expectation [17.9201886579601587720645,17.920188657965106203418] max_relative 2.5492474626269963468898e-06 seconds 5.31810500000000008213874
NODE 1 0 1833908419 1833908420 100000000 leaves 4194304 mass [0.999999999999908450402236,1.00000000000009156716184] expectation [18.3390841936254558042219,18.3390841936302821588156] max_relative 8.38633623215476602772615e-06 seconds 5.2432370000000005916263
NODE 1 1 1824371603 1824371604 100000000 leaves 4194304 mass [0.999999999999908553021972,1.00000000000009141830088] expectation [18.2437160338024693430337,18.2437160338073324321317] max_relative 6.14342259854517364839646e-06 seconds 5.20105500000000020577318
NODE 1 2 1814201570 1814201571 100000000 leaves 4194304 mass [0.999999999999908773440273,1.00000000000009124146751] expectation [18.1420157009758450487868,18.1420157009807446260585] max_relative 4.55738733724268210710963e-06 seconds 5.12653600000000064795813
NODE 1 3 1803392354 1803392355 100000000 leaves 4194304 mass [0.999999999999909118053934,1.00000000000009086416515] expectation [18.0339235405147573481494,18.0339235405196927752164] max_relative 3.42117564125107261820585e-06 seconds 5.1131210000000004711751
NODE 1 4 1791938010 1791938011 100000000 leaves 4194304 mass [0.999999999999909244092437,1.0000000000000907700564] expectation [17.919380108610506072489,17.919380108615469284622] max_relative 2.56578985796981124375055e-06 seconds 5.16677700000000061919536
NODE 2 0 1834574382 1834574383 100000000 leaves 4194304 mass [0.999999999999908520712747,1.00000000000009146546368] expectation [18.3457438261572105212688,18.3457438261620423714665] max_relative 8.2556473435371595033959e-06 seconds 5.18598800000000004217782
NODE 2 1 1824834011 1824834012 100000000 leaves 4194304 mass [0.999999999999908587770651,1.00000000000009142187875] expectation [18.2483401116288777663726,18.2483401116337446007387] max_relative 6.06363745217488768229566e-06 seconds 5.18852400000000013591261
NODE 2 2 1814458871 1814458872 100000000 leaves 4194304 mass [0.99999999999990876173089,1.00000000000009122737288] expectation [18.1445887106585268429282,18.1445887106634314335507] max_relative 4.49957334508525569580903e-06 seconds 5.1876910000000000522391
NODE 2 3 1803443004 1803443005 100000000 leaves 4194304 mass [0.9999999999999091259144,1.00000000000009090482273] expectation [18.0344300451311304982205,18.0344300451360721355976] max_relative 3.36149932353679080721926e-06 seconds 5.09595300000000062112804
NODE 2 4 1791780474 1791780475 100000000 leaves 4194304 mass [0.999999999999909232003582,1.00000000000009076409329] expectation [17.9178047477678873411477,17.9178047477728576170747] max_relative 2.52664836473917276872027e-06 seconds 4.97067000000000014381385
NODE 3 0 1835164655 1835164656 100000000 leaves 4194304 mass [0.999999999999908449643295,1.00000000000009154330939] expectation [18.351646551624558078783,18.3516465516294010069248] max_relative 8.3709867314575788804192e-06 seconds 5.02613200000000048817128
NODE 3 1 1825220436 1825220437 100000000 leaves 4194304 mass [0.999999999999908539848915,1.00000000000009145624796] expectation [18.2522043677333305217864,18.2522043677382091453332] max_relative 6.15013590963671206242074e-06 seconds 5.02107800000000015216983
NODE 3 2 1814639901 1814639902 100000000 leaves 4194304 mass [0.999999999999908599696875,1.00000000000009139412317] expectation [18.1463990153049425819998,18.146399015309860009576] max_relative 4.56307712807402576919505e-06 seconds 5.03554900000000049686832
NODE 3 3 1803417099 1803417100 100000000 leaves 4194304 mass [0.999999999999908822663052,1.00000000000009118075218] expectation [18.0341709927432097704952,18.0341709927481604995581] max_relative 3.39653620475600028616079e-06 seconds 4.9753140000000000142677
NODE 3 4 1791546100 1791546101 100000000 leaves 4194304 mass [0.999999999999909206904302,1.00000000000009081949602] expectation [17.9154610092991671260049,17.915461009304150976143] max_relative 2.57374661048889952890682e-06 seconds 5.10166400000000042069814
NODE 4 0 1835679071 1835679072 100000000 leaves 4194304 mass [0.999999999999908516050678,1.00000000000009147944988] expectation [18.3567907162636803266448,18.3567907162685227430432] max_relative 8.13585062244219558553048e-06 seconds 4.98262500000000052580162
NODE 4 1 1825530716 1825530717 100000000 leaves 4194304 mass [0.999999999999908604142104,1.00000000000009137070441] expectation [18.2553071678704560143469,18.2553071678753338104306] max_relative 5.99115204631705597498942e-06 seconds 5.04005400000000047811
NODE 4 2 1814744500 1814744501 100000000 leaves 4194304 mass [0.999999999999908631680839,1.0000000000000913197469] expectation [18.1474450002113472761589,18.1474450002162640809694] max_relative 4.43626018288505051980488e-06 seconds 5.1608760000000000189857
NODE 4 3 1803314478 1803314479 100000000 leaves 4194304 mass [0.999999999999908870259527,1.0000000000000911470335] expectation [18.0331447882104157851707,18.0331447882153673711869] max_relative 3.31329267807683086112798e-06 seconds 5.14066000000000045133675
NODE 4 4 1791234731 1791234732 100000000 leaves 4194304 mass [0.999999999999909276401661,1.00000000000009072853146] expectation [17.9123473176468636560571,17.9123473176518485643766] max_relative 2.49418561449090105064705e-06 seconds 5.16387400000000074129503
NODE 5 0 1836117465 1836117466 100000000 leaves 4194304 mass [0.999999999999908471761019,1.00000000000009150525389] expectation [18.3611746577345333435172,18.3611746577393845740456] max_relative 8.22269514661143891424965e-06 seconds 5.16172800000000009390533
NODE 5 1 1825764686 1825764687 100000000 leaves 4194304 mass [0.999999999999908577579151,1.00000000000009140897674] expectation [18.2576468690619914212597,18.2576468690668784825015] max_relative 6.03375056886366696290768e-06 seconds 5.11072400000000026665248
NODE 5 2 1814772504 1814772505 100000000 leaves 4194304 mass [0.999999999999908625338257,1.00000000000009136159711] expectation [18.1477250417832280272173,18.1477250417881537034037] max_relative 4.48042299770030442255687e-06 seconds 5.1360710000000002750653
NODE 5 3 1803134982 1803134983 100000000 leaves 4194304 mass [0.99999999999990885171967,1.00000000000009119148579] expectation [18.031349827342337288974,18.0313498273472987663835] max_relative 3.35376317880415034340634e-06 seconds 5.01167400000000018422952
NODE 5 4 1790846208 1790846209 100000000 leaves 4194304 mass [0.999999999999909179419777,1.00000000000009080399193] expectation [17.9084620880433908682305,17.9084620880483865630606] max_relative 2.52982005988983391435433e-06 seconds 5.02921000000000084639851
NODE 6 0 1836479670 1836479671 100000000 leaves 4194304 mass [0.999999999999908443409132,1.00000000000009154753778] expectation [18.3647967053536803373748,18.3647967053585416900147] max_relative 8.31857700283724115169747e-06 seconds 5.01187600000000088584784
NODE 6 1 1825922181 1825922182 100000000 leaves 4194304 mass [0.999999999999908507485481,1.00000000000009147988356] expectation [18.2592218198264420615101,18.2592218198313426431867] max_relative 6.10678100560275591021605e-06 seconds 4.9990840000000007492531
NODE 6 2 1814723750 1814723751 100000000 leaves 4194304 mass [0.999999999999908600076346,1.00000000000009137786014] expectation [18.1472375077617834263771,18.1472375077667202655091] max_relative 4.51181874241102684723789e-06 seconds 4.9842150000000007281642
NODE 6 3 1802878449 1802878450 100000000 leaves 4194304 mass [0.999999999999908719609636,1.0000000000000912977376] expectation [18.0287844971219963531583,18.0287844971269705113964] max_relative 3.38721739190198704066629e-06 seconds 5.08796100000000084406793
NODE 6 4 1790380372 1790380373 100000000 leaves 4194304 mass [0.999999999999908989901237,1.00000000000009095491287] expectation [17.9038037267311209849163,17.903803726736130828151] max_relative 2.55385391182598030760915e-06 seconds 5.11713900000000077028517
NODE 7 0 1836765518 1836765519 100000000 leaves 4194304 mass [0.999999999999908441565988,1.00000000000009157128181] expectation [18.3676551803324969083103,18.3676551803373666778285] max_relative 8.33199108504816324858195e-06 seconds 5.01430700000000051375082
NODE 7 1 1826003036 1826003037 100000000 leaves 4194304 mass [0.999999999999908506347068,1.00000000000009152899792] expectation [18.2600303604141845324749,18.2600303604190922473344] max_relative 6.12600562343235256308508e-06 seconds 5.18371700000000057428906
NODE 7 2 1814598075 1814598076 100000000 leaves 4194304 mass [0.99999999999990861211099,1.00000000000009139325581] expectation [18.1459807574559039804185,18.1459807574608476803818] max_relative 4.51143116431716980496718e-06 seconds 5.05718000000000067473138
NODE 7 3 1802544717 1802544718 100000000 leaves 4194304 mass [0.99999999999990877690972,1.0000000000000912602242] expectation [18.025447175934708150119,18.0254471759396917712737] max_relative 3.3823709456899032665961e-06 seconds 5.06469700000000067063866
NODE 7 4 1789837063 1789837064 100000000 leaves 4194304 mass [0.999999999999908988979665,1.00000000000009099589571] expectation [17.8983706311881074491055,17.8983706311931253744169] max_relative 2.54903547780814764799726e-06 seconds 5.01912400000000058497562
NODE 8 0 1836974839 1836974840 100000000 leaves 4194304 mass [0.999999999999908468562623,1.00000000000009152975686] expectation [18.3697483960207626537547,18.3697483960256358528212] max_relative 8.25825379891735251959019e-06 seconds 5.0348740000000002936531
NODE 8 1 1826007082 1826007083 100000000 leaves 4194304 mass [0.999999999999908526404808,1.00000000000009147717306] expectation [18.2600708230480197145212,18.2600708230529334957087] max_relative 6.07004978213398291726085e-06 seconds 5.08612500000000000710543
NODE 8 2 1814395314 1814395315 100000000 leaves 4194304 mass [0.999999999999908634933446,1.00000000000009133438363] expectation [18.1439531419796892929702,18.1439531419846387782363] max_relative 4.4895269230098138151265e-06 seconds 5.11008000000000084384055
NODE 8 3 1802133623 1802133624 100000000 leaves 4194304 mass [0.999999999999908820277807,1.00000000000009117175331] expectation [18.0213362338025504440914,18.0213362338075402703519] max_relative 3.36035327212530905598305e-06 seconds 5.09139800000000075641537
NODE 8 4 1789216119 1789216120 100000000 leaves 4194304 mass [0.999999999999909014024736,1.00000000000009098190951] expectation [17.8921611903594928675437,17.8921611903645180943062] max_relative 2.53536150831374662043124e-06 seconds 5.04010300000000022180302
NODE 9 0 1837107465 1837107466 100000000 leaves 4194304 mass [0.999999999999908523206412,1.0000000000000914666563] expectation [18.37107465815557845977,18.3710746581604517455727] max_relative 7.97134135081036346883598e-06 seconds 5.06992400000000031923264
NODE 9 1 1825934153 1825934154 100000000 leaves 4194304 mass [0.999999999999908603328953,1.00000000000009141342197] expectation [18.2593415321691467587129,18.2593415321740592891647] max_relative 5.85558112266144505277832e-06 seconds 5.08021100000000025431746
NODE 9 2 1814115300 1814115301 100000000 leaves 4194304 mass [0.999999999999908719175955,1.00000000000009131335011] expectation [18.1411530044954598488161,18.1411530045004087494803] max_relative 4.34542721953545520836558e-06 seconds 5.01451600000000041745807
NODE 9 3 1801645003 1801645004 100000000 leaves 4194304 mass [0.99999999999990886646482,1.00000000000009109694336] expectation [18.0164500326243965499379,18.016450032629385795066] max_relative 3.23496351578329240695084e-06 seconds 5.07141700000000028580871
NODE 9 4 1788517378 1788517379 100000000 leaves 4194304 mass [0.999999999999908970981909,1.0000000000000910183387] expectation [17.885173784894560446504,17.8851737848995859126583] max_relative 2.44820116211602675925968e-06 seconds 5.07847100000000040154191
NODE 10 0 1837163226 1837163227 100000000 leaves 4194304 mass [0.999999999999908471544179,1.00000000000009153810522] expectation [18.3716322651155465877498,18.3716322651204365529187] max_relative 8.2775519130217893659792e-06 seconds 5.02929900000000085213969
NODE 10 1 1825784080 1825784081 100000000 leaves 4194304 mass [0.999999999999908542559421,1.00000000000009147186047] expectation [18.2578408046884662005449,18.2578408046933930997113] max_relative 6.07178235423983468882969e-06 seconds 5.1813460000000004512799
NODE 10 2 1813757868 1813757869 100000000 leaves 4194304 mass [0.999999999999908682638342,1.00000000000009128082405] expectation [18.1375786804621706958807,18.1375786804671384061516] max_relative 4.49143971843033019143305e-06 seconds 5.12338300000000046452442
NODE 10 3 1801078692 1801078693 100000000 leaves 4194304 mass [0.999999999999908800274277,1.00000000000009118324585] expectation [18.0107869264214402599267,18.0107869264264486147686] max_relative 3.36218655911536338336135e-06 seconds 5.17957000000000000738964
NODE 10 4 1787740678 1787740679 100000000 leaves 4194304 mass [0.999999999999908898123523,1.00000000000009109455811] expectation [17.8774067873893534614399,17.8774067873943974908701] max_relative 2.53644136873024740680696e-06 seconds 5.19095100000000009288215
