rho 0.33333333333333333 a 0.021 P 18.331669298991982 gap 0.090252241980813216 second 4077.2651977530241 mass 0.99999999999999999
rho 0.33333333333333333 a 0.0225 P 18.138681591851529 gap 0.18361807804009393 second 4381.3749031656332 mass 0.99999999999999994
rho 0.33333333333333333 a 0.024 P 17.920188657962633 gap 0.13026968724031663 second 4704.0617938626053 mass 0.99999999999999995
rho 0.33343333333333333 a 0.021 P 18.334224747377108 gap 0.09334869002630561 second 4083.7752561881275 mass 1
rho 0.33343333333333333 a 0.0225 P 18.139877429436215 gap 0.18515288676671548 second 4388.5119822061898 mass 1
rho 0.33343333333333333 a 0.024 P 17.920004246509029 gap 0.13022217304631547 second 4711.8525826630246 mass 0.99999999999999998
rho 0.33433333333333333 a 0.021 P 18.353445639626436 gap 0.11743857921893058 second 4143.1091455167591 mass 1
rho 0.33433333333333333 a 0.0225 P 18.146832681355148 gap 0.19515887896306346 second 4453.5232746243406 mass 0.99999999999999998
rho 0.33433333333333333 a 0.024 P 17.914508740510665 gap 0.12595874238437836 second 4782.7823752240983 mass 1
rho 0.34 a 0.021 P 18.315676941132637 gap 0.11032652814589225 second 4548.3684577556438 mass 1
rho 0.34 a 0.0225 P 18.030688705381945 gap 0.098223267699510617 second 4895.9618901616373 mass 1
rho 0.34 a 0.024 P 17.71884993904631 gap -0.06194254770247469 second 5263.9552391410159 mass 0.99999999999999997
rho 0.35 a 0.021 P 17.552418539071058 gap -0.59883190787904915 second 5409.3081465390648 mass 1
rho 0.35 a 0.0225 P 17.124811202519966 gap -0.77375712096896825 second 5828.7862037428239 mass 1
rho 0.35 a 0.024 P 16.66845175828579 gap -1.0986510025026968 second 6271.5635952891676 mass 1
rho 0.4 a 0.021 P -1.0184926164522335 gap -18.899243233219156 second 13924.451464689497 mass 1
rho 0.4 a 0.0225 P -2.2230782242842271 gap -19.952160976805661 second 14852.594254713176 mass 0.99999999999999999
rho 0.4 a 0.024 P -3.4641284579514312 gap -21.16278258893843 second 15821.630846425946 mass 1
rho 0.5 a 0.021 P -99.478005853385523 gap -116.81775680978608 second 67866.166433142464 mass 1
rho 0.5 a 0.0225 P -102.39869415496508 gap -119.78880576555151 second 70755.36185130662 mass 1
rho 0.5 a 0.024 P -105.36618177065594 gap -122.92793864203996 second 73733.264820055996 mass 1
