LEAF 0 21504 22016 1024000 256000 258304 768000 nodes 23451 cap 0.869374999999999998637
JOB 0 PROVED
LEAF 1 21504 22016 1024000 256000 258304 768000 nodes 33895 cap 0.94535499999999999854
JOB 1 PROVED
LEAF 4 21504 22016 1024000 256000 258304 768000 nodes 161155 cap 1.04573499999999999842
JOB 4 PROVED
LEAF 5 21504 21760 1024000 256000 258304 768000 nodes 197937 cap 1.03759999999999999834
LEAF 2 21504 22016 1024000 256000 258304 768000 nodes 109961 cap 0.997894999999999998437
JOB 2 PROVED
LEAF 5 21760 22016 1024000 256000 258304 768000 nodes 194561 cap 1.03794999999999999839
JOB 5 PROVED
LEAF 3 21504 22016 1024000 256000 258304 768000 nodes 185335 cap 0.998319999999999998467
JOB 3 PROVED
LEAF 7 21504 21760 1024000 256000 258304 768000 nodes 199789 cap 0.978619999999999998512
LEAF 7 21760 21888 1024000 256000 258304 768000 nodes 173313 cap 0.979699999999999998418
LEAF 6 21504 21568 1024000 256000 258304 768000 nodes 196225 cap 1.01529999999999999829
LEAF 7 21888 22016 1024000 256000 258304 768000 nodes 173177 cap 0.980239999999999998479
JOB 7 PROVED
LEAF 10 21504 22016 1024000 256000 258304 768000 nodes 80657 cap 0.991209999999999998467
JOB 10 PROVED
LEAF 6 21568 21632 1024000 256000 258304 768000 nodes 196255 cap 1.01543749999999999843
LEAF 11 21504 22016 1024000 256000 258304 768000 nodes 51757 cap 0.919029999999999998556
JOB 11 PROVED
LEAF 12 21504 22016 1024000 256000 258304 768000 nodes 184809 cap 0.942119999999999998512
JOB 12 PROVED
LEAF 8 21504 21536 1024000 256000 256288 768000 nodes 194137 cap 1.03782999999999999829
LEAF 6 21632 21696 1024000 256000 258304 768000 nodes 196303 cap 1.01557499999999999836
LEAF 13 21504 21632 1024000 256000 258304 768000 nodes 163259 cap 0.914239999999999998515
LEAF 8 21504 21536 1024000 256288 256576 768000 nodes 199699 cap 1.03782999999999999829
LEAF 6 21696 21760 1024000 256000 258304 768000 nodes 196367 cap 1.01571249999999999839
LEAF 9 21504 21536 1024000 256000 257152 768000 nodes 175475 cap 1.00953999999999999836
LEAF 13 21632 21760 1024000 256000 258304 768000 nodes 164341 cap 0.91541999999999999852
FAILED_BOX 8 21504 21536 1024000 256576 256720 768000 bound 1.05532 cap 1.03783
LEAF 9 21504 21536 1024000 257152 257728 768000 nodes 192905 cap 1.00953999999999999836
LEAF 13 21760 21888 1024000 256000 258304 768000 nodes 165643 cap 0.916599999999999998525
FAILED_BOX 8 21504 21536 1024000 256720 256864 768000 bound 1.16026 cap 1.03783
LEAF 13 21888 22016 1024000 256000 258304 768000 nodes 167165 cap 0.91777999999999999853
JOB 13 PROVED
LEAF 14 21504 22016 1024000 256000 258304 768000 nodes 64375 cap 0.945629999999999998502
JOB 14 PROVED
FAILED_BOX 8 21504 21536 1024000 256864 257008 768000 bound 1.06234 cap 1.03783
LEAF 15 21504 22016 1024000 256000 258304 768000 nodes 41733 cap 0.913319999999999998595
JOB 15 PROVED
FAILED_BOX 8 21504 21536 1024000 257008 257152 768000 bound 1.24322 cap 1.03783
LEAF 9 21504 21536 1024000 257728 257872 768000 nodes 197177 cap 1.00953999999999999836
LEAF 6 21760 21824 1024000 256000 258304 768000 nodes 196265 cap 1.01584999999999999832
FAILED_BOX 9 21504 21536 1024000 257872 258016 768000 bound 1.01585 cap 1.00954
LEAF 6 21824 21888 1024000 256000 258304 768000 nodes 195273 cap 1.01598749999999999835
FAILED_BOX 9 21504 21536 1024000 258016 258160 768000 bound 1.01091 cap 1.00954
FAILED_BOX 8 21504 21536 1024000 257152 257296 768000 bound 1.26542 cap 1.03783
FAILED_BOX 8 21504 21536 1024000 257296 257440 768000 bound 1.07736 cap 1.03783
FAILED_BOX 9 21504 21536 1024000 258160 258304 768000 bound 1.02373 cap 1.00954
FAILED_BOX 8 21504 21536 1024000 257440 257584 768000 bound 1.07284 cap 1.03783
LEAF 9 21536 21568 1024000 256000 257152 768000 nodes 175507 cap 1.00967562499999999836
LEAF 6 21888 21952 1024000 256000 258304 768000 nodes 195181 cap 1.01612499999999999839
LEAF 16 21504 21536 1024000 256000 256288 768000 nodes 194137 cap 1.03782999999999999829
FAILED_BOX 8 21504 21536 1024000 257584 257728 768000 bound 1.05235 cap 1.03783
LEAF 16 21504 21536 1024000 256288 256576 768000 nodes 199699 cap 1.03782999999999999829
LEAF 9 21536 21568 1024000 257152 257728 768000 nodes 193011 cap 1.00967562499999999836
LEAF 6 21952 22016 1024000 256000 258304 768000 nodes 195685 cap 1.01626249999999999832
JOB 6 PROVED
FAILED_BOX 8 21504 21536 1024000 257728 257872 768000 bound 1.03951 cap 1.03783
FAILED_BOX 8 21504 21536 1024000 257872 258016 768000 bound 1.0414 cap 1.03783
FAILED_BOX 16 21504 21536 1024000 256576 256720 768000 bound 1.05532 cap 1.03783
LEAF 9 21536 21568 1024000 257728 257872 768000 nodes 197123 cap 1.00967562499999999836
FAILED_BOX 8 21504 21536 1024000 258016 258160 768000 bound 1.08791 cap 1.03783
FAILED_BOX 16 21504 21536 1024000 256720 256864 768000 bound 1.16026 cap 1.03783
FAILED_BOX 9 21536 21568 1024000 257872 258016 768000 bound 1.01968 cap 1.00968
FAILED_BOX 8 21504 21536 1024000 258160 258304 768000 bound 1.317 cap 1.03783
FAILED_BOX 16 21504 21536 1024000 256864 257008 768000 bound 1.06234 cap 1.03783
FAILED_BOX 9 21536 21568 1024000 258016 258160 768000 bound 1.0274 cap 1.00968
FAILED_BOX 16 21504 21536 1024000 257008 257152 768000 bound 1.24322 cap 1.03783
FAILED_BOX 9 21536 21568 1024000 258160 258304 768000 bound 1.01094 cap 1.00968
LEAF 8 21536 21568 1024000 256000 256288 768000 nodes 193559 cap 1.03798093749999999832
LEAF 8 21536 21568 1024000 256288 256576 768000 nodes 199115 cap 1.03798093749999999832
LEAF 9 21568 21600 1024000 256000 257152 768000 nodes 175521 cap 1.00981124999999999836
FAILED_BOX 16 21504 21536 1024000 257152 257296 768000 bound 1.26542 cap 1.03783
FAILED_BOX 8 21536 21568 1024000 256576 256720 768000 bound 1.09409 cap 1.03799
LEAF 9 21568 21600 1024000 257152 257728 768000 nodes 192941 cap 1.00981124999999999836
FAILED_BOX 16 21504 21536 1024000 257296 257440 768000 bound 1.07736 cap 1.03783
FAILED_BOX 8 21536 21568 1024000 256720 256864 768000 bound 1.07418 cap 1.03799
FAILED_BOX 8 21536 21568 1024000 256864 257008 768000 bound 1.04637 cap 1.03799
FAILED_BOX 16 21504 21536 1024000 257440 257584 768000 bound 1.07284 cap 1.03783
FAILED_BOX 8 21536 21568 1024000 257008 257152 768000 bound 1.11414 cap 1.03799
LEAF 9 21568 21600 1024000 257728 257872 768000 nodes 197147 cap 1.00981124999999999836
FAILED_BOX 16 21504 21536 1024000 257584 257728 768000 bound 1.05235 cap 1.03783
FAILED_BOX 17 21504 21536 1024000 256000 256144 768000 bound 1.21934 cap 1.03622
FAILED_BOX 9 21568 21600 1024000 257872 258016 768000 bound 1.01881 cap 1.00982
FAILED_BOX 17 21504 21536 1024000 256144 256288 768000 bound 1.04124 cap 1.03622
FAILED_BOX 9 21568 21600 1024000 258016 258160 768000 bound 1.01712 cap 1.00982
FAILED_BOX 16 21504 21536 1024000 257728 257872 768000 bound 1.03951 cap 1.03783
FAILED_BOX 8 21536 21568 1024000 257152 257296 768000 bound 1.07967 cap 1.03799
FAILED_BOX 8 21536 21568 1024000 257296 257440 768000 bound 1.05431 cap 1.03799
FAILED_BOX 9 21568 21600 1024000 258160 258304 768000 bound 1.01599 cap 1.00982
FAILED_BOX 16 21504 21536 1024000 257872 258016 768000 bound 1.0414 cap 1.03783
FAILED_BOX 8 21536 21568 1024000 257440 257584 768000 bound 1.06344 cap 1.03799
