NODE 0 0 1833166929 1833166930 100000000 leaves 4194304 mass [0.999999999999908495721888,1.00000000000009149278557] expectation [18.331669298989576394332,18.3316692989943882743931] max_relative 8.2985403094147384516721e-06 seconds 18.701656208000002834524
NODE 0 1 1823833375 1823833376 100000000 leaves 4194304 mass [0.999999999999908664044275,1.00000000000009135151403] expectation [18.2383337595425326464749,18.2383337595473806660302] max_relative 6.08608766550428971726814e-06 seconds 22.6233983310000006383689
NODE 0 2 1813868159 1813868160 100000000 leaves 4194304 mass [0.999999999999908894545657,1.00000000000009110442436] expectation [18.1386815918490878034309,18.1386815918539720943193] max_relative 4.50935349800228830795155e-06 seconds 20.023099852000001419583
NODE 0 3 1803265306 1803265307 100000000 leaves 4194304 mass [0.999999999999909226040471,1.00000000000009080236563] expectation [18.0326530647673039381429,18.0326530647722240632142] max_relative 3.37757552628545121759981e-06 seconds 20.1305086620000004415943
NODE 0 4 1792018865 1792018866 100000000 leaves 4194304 mass [0.999999999999909273962207,1.0000000000000907147621] expectation [17.9201886579601587720645,17.920188657965106203418] max_relative 2.5492474626269963468898e-06 seconds 19.8107199780000016176019
NODE 1 0 1833908419 1833908420 100000000 leaves 4194304 mass [0.999999999999908450402237,1.00000000000009156716184] expectation [18.3390841936254558042219,18.3390841936302821588157] max_relative 8.38633623215476602772616e-06 seconds 19.693219801000001467628
NODE 1 1 1824371603 1824371604 100000000 leaves 4194304 mass [0.999999999999908553021972,1.00000000000009141830089] expectation [18.2437160338024693430337,18.2437160338073324321318] max_relative 6.14342259854517364839647e-06 seconds 22.7230697400000032359913
NODE 1 2 1814201570 1814201571 100000000 leaves 4194304 mass [0.999999999999908773440274,1.00000000000009124146751] expectation [18.1420157009758450487869,18.1420157009807446260586] max_relative 4.55738733724268210710963e-06 seconds 10.0531407200000000301543
NODE 1 3 1803392354 1803392355 100000000 leaves 4194304 mass [0.999999999999909118053935,1.00000000000009086416516] expectation [18.0339235405147573481494,18.0339235405196927752164] max_relative 3.42117564125107261820585e-06 seconds 17.6738566880000007586205
NODE 1 4 1791938010 1791938011 100000000 leaves 4194304 mass [0.999999999999909244092437,1.00000000000009077005641] expectation [17.9193801086105060724891,17.919380108615469284622] max_relative 2.56578985796981124375055e-06 seconds 18.111347651000002656474
NODE 2 0 1834574382 1834574383 100000000 leaves 4194304 mass [0.999999999999908520712748,1.00000000000009146546368] expectation [18.3457438261572105212688,18.3457438261620423714666] max_relative 8.2556473435371595033959e-06 seconds 19.7421397290000015800616
NODE 2 1 1824834011 1824834012 100000000 leaves 4194304 mass [0.999999999999908587770652,1.00000000000009142187875] expectation [18.2483401116288777663727,18.2483401116337446007388] max_relative 6.06363745217488768229566e-06 seconds 18.3398438880000007600302
NODE 2 2 1814458871 1814458872 100000000 leaves 4194304 mass [0.999999999999908761730891,1.00000000000009122737288] expectation [18.1445887106585268429282,18.1445887106634314335508] max_relative 4.49957334508525569580903e-06 seconds 20.0697077390000018226602
NODE 2 3 1803443004 1803443005 100000000 leaves 4194304 mass [0.9999999999999091259144,1.00000000000009090482274] expectation [18.0344300451311304982205,18.0344300451360721355976] max_relative 3.36149932353679080721926e-06 seconds 20.1438084460000013109494
NODE 2 4 1791780474 1791780475 100000000 leaves 4194304 mass [0.999999999999909232003583,1.00000000000009076409329] expectation [17.9178047477678873411478,17.9178047477728576170747] max_relative 2.52664836473917276872028e-06 seconds 23.3807592950000007192557
NODE 3 0 1835164655 1835164656 100000000 leaves 4194304 mass [0.999999999999908449643295,1.0000000000000915433094] expectation [18.351646551624558078783,18.3516465516294010069249] max_relative 8.3709867314575788804192e-06 seconds 19.9652596240000015370697
NODE 3 1 1825220436 1825220437 100000000 leaves 4194304 mass [0.999999999999908539848916,1.00000000000009145624796] expectation [18.2522043677333305217864,18.2522043677382091453332] max_relative 6.15013590963671206242074e-06 seconds 19.8415974010000013549871
NODE 3 2 1814639901 1814639902 100000000 leaves 4194304 mass [0.999999999999908599696876,1.00000000000009139412318] expectation [18.1463990153049425819998,18.1463990153098600095761] max_relative 4.56307712807402576919506e-06 seconds 19.7274358450000022457971
NODE 3 3 1803417099 1803417100 100000000 leaves 4194304 mass [0.999999999999908822663053,1.00000000000009118075219] expectation [18.0341709927432097704953,18.0341709927481604995581] max_relative 3.3965362047560002861608e-06 seconds 19.6745504460000013580157
NODE 3 4 1791546100 1791546101 100000000 leaves 4194304 mass [0.999999999999909206904303,1.00000000000009081949603] expectation [17.9154610092991671260049,17.9154610093041509761431] max_relative 2.57374661048889952890682e-06 seconds 20.1074601980000018386364
NODE 4 0 1835679071 1835679072 100000000 leaves 4194304 mass [0.999999999999908516050678,1.00000000000009147944989] expectation [18.3567907162636803266448,18.3567907162685227430433] max_relative 8.13585062244219558553049e-06 seconds 19.8550095910000017340736
NODE 4 1 1825530716 1825530717 100000000 leaves 4194304 mass [0.999999999999908604142105,1.00000000000009137070441] expectation [18.255307167870456014347,18.2553071678753338104307] max_relative 5.99115204631705597498943e-06 seconds 19.8279722190000029513613
NODE 4 2 1814744500 1814744501 100000000 leaves 4194304 mass [0.99999999999990863168084,1.00000000000009131974691] expectation [18.147445000211347276159,18.1474450002162640809695] max_relative 4.43626018288505051980489e-06 seconds 20.401874338000002495619
NODE 4 3 1803314478 1803314479 100000000 leaves 4194304 mass [0.999999999999908870259528,1.0000000000000911470335] expectation [18.0331447882104157851708,18.033144788215367371187] max_relative 3.31329267807683086112799e-06 seconds 19.8195179560000021012912
NODE 4 4 1791234731 1791234732 100000000 leaves 4194304 mass [0.999999999999909276401662,1.00000000000009072853146] expectation [17.9123473176468636560571,17.9123473176518485643766] max_relative 2.49418561449090105064705e-06 seconds 18.0270025260000004152517
NODE 5 0 1836117465 1836117466 100000000 leaves 4194304 mass [0.999999999999908471761019,1.0000000000000915052539] expectation [18.3611746577345333435172,18.3611746577393845740456] max_relative 8.22269514661143891424966e-06 seconds 19.516720687000002953937
NODE 5 1 1825764686 1825764687 100000000 leaves 4194304 mass [0.999999999999908577579152,1.00000000000009140897675] expectation [18.2576468690619914212598,18.2576468690668784825016] max_relative 6.03375056886366696290768e-06 seconds 19.6236507330000016224858
NODE 5 2 1814772504 1814772505 100000000 leaves 4194304 mass [0.999999999999908625338257,1.00000000000009136159711] expectation [18.1477250417832280272174,18.1477250417881537034038] max_relative 4.48042299770030442255688e-06 seconds 19.5719688880000006747651
NODE 5 3 1803134982 1803134983 100000000 leaves 4194304 mass [0.999999999999908851719671,1.00000000000009119148579] expectation [18.031349827342337288974,18.0313498273472987663835] max_relative 3.35376317880415034340635e-06 seconds 19.4999860410000032118206
NODE 5 4 1790846208 1790846209 100000000 leaves 4194304 mass [0.999999999999909179419777,1.00000000000009080399193] expectation [17.9084620880433908682306,17.9084620880483865630606] max_relative 2.52982005988983391435433e-06 seconds 17.9439629730000014262715
NODE 6 0 1836479670 1836479671 100000000 leaves 4194304 mass [0.999999999999908443409133,1.00000000000009154753778] expectation [18.3647967053536803373748,18.3647967053585416900147] max_relative 8.31857700283724115169748e-06 seconds 18.375984016000000309532
NODE 6 1 1825922181 1825922182 100000000 leaves 4194304 mass [0.999999999999908507485481,1.00000000000009147988357] expectation [18.2592218198264420615102,18.2592218198313426431867] max_relative 6.10678100560275591021605e-06 seconds 16.2799141380000023104913
NODE 6 2 1814723750 1814723751 100000000 leaves 4194304 mass [0.999999999999908600076347,1.00000000000009137786014] expectation [18.1472375077617834263772,18.1472375077667202655091] max_relative 4.51181874241102684723789e-06 seconds 14.1213172780000011385937
NODE 6 3 1802878449 1802878450 100000000 leaves 4194304 mass [0.999999999999908719609636,1.0000000000000912977376] expectation [18.0287844971219963531584,18.0287844971269705113965] max_relative 3.38721739190198704066629e-06 seconds 7.95225658700000082035331
NODE 6 4 1790380372 1790380373 100000000 leaves 4194304 mass [0.999999999999908989901238,1.00000000000009095491288] expectation [17.9038037267311209849164,17.9038037267361308281511] max_relative 2.55385391182598030760915e-06 seconds 7.995805757000000291157
NODE 7 0 1836765518 1836765519 100000000 leaves 4194304 mass [0.999999999999908441565989,1.00000000000009157128181] expectation [18.3676551803324969083104,18.3676551803373666778286] max_relative 8.33199108504816324858195e-06 seconds 7.94513348800000063221205
NODE 7 1 1826003036 1826003037 100000000 leaves 4194304 mass [0.999999999999908506347069,1.00000000000009152899793] expectation [18.2600303604141845324749,18.2600303604190922473344] max_relative 6.12600562343235256308509e-06 seconds 7.87209011700000083067153
NODE 7 2 1814598075 1814598076 100000000 leaves 4194304 mass [0.999999999999908612110991,1.00000000000009139325582] expectation [18.1459807574559039804186,18.1459807574608476803818] max_relative 4.51143116431716980496718e-06 seconds 7.86820336300000011675593
NODE 7 3 1802544717 1802544718 100000000 leaves 4194304 mass [0.999999999999908776909721,1.00000000000009126022421] expectation [18.0254471759347081501191,18.0254471759396917712737] max_relative 3.38237094568990326659611e-06 seconds 7.92658688800000010843406
NODE 7 4 1789837063 1789837064 100000000 leaves 4194304 mass [0.999999999999908988979666,1.00000000000009099589572] expectation [17.8983706311881074491055,17.8983706311931253744169] max_relative 2.54903547780814764799727e-06 seconds 7.89467851400000064643337
NODE 8 0 1836974839 1836974840 100000000 leaves 4194304 mass [0.999999999999908468562623,1.00000000000009152975687] expectation [18.3697483960207626537548,18.3697483960256358528213] max_relative 8.2582537989173525195902e-06 seconds 7.85555904000000015940942
NODE 8 1 1826007082 1826007083 100000000 leaves 4194304 mass [0.999999999999908526404809,1.00000000000009147717306] expectation [18.2600708230480197145213,18.2600708230529334957088] max_relative 6.07004978213398291726086e-06 seconds 8.13970855200000009688211
NODE 8 2 1814395314 1814395315 100000000 leaves 4194304 mass [0.999999999999908634933446,1.00000000000009133438364] expectation [18.1439531419796892929703,18.1439531419846387782364] max_relative 4.48952692300981381512651e-06 seconds 7.8938289020000000917321
NODE 8 3 1802133623 1802133624 100000000 leaves 4194304 mass [0.999999999999908820277808,1.00000000000009117175331] expectation [18.0213362338025504440914,18.0213362338075402703519] max_relative 3.36035327212530905598305e-06 seconds 7.97377230600000075355638
NODE 8 4 1789216119 1789216120 100000000 leaves 4194304 mass [0.999999999999909014024736,1.00000000000009098190951] expectation [17.8921611903594928675438,17.8921611903645180943063] max_relative 2.53536150831374662043124e-06 seconds 7.87397542100000080722567
NODE 9 0 1837107465 1837107466 100000000 leaves 4194304 mass [0.999999999999908523206413,1.0000000000000914666563] expectation [18.3710746581555784597701,18.3710746581604517455727] max_relative 7.97134135081036346883598e-06 seconds 7.85853906600000051696498
NODE 9 1 1825934153 1825934154 100000000 leaves 4194304 mass [0.999999999999908603328953,1.00000000000009141342198] expectation [18.2593415321691467587129,18.2593415321740592891648] max_relative 5.85558112266144505277833e-06 seconds 7.93073540700000023662142
NODE 9 2 1814115300 1814115301 100000000 leaves 4194304 mass [0.999999999999908719175955,1.00000000000009131335012] expectation [18.1411530044954598488161,18.1411530045004087494804] max_relative 4.34542721953545520836558e-06 seconds 7.90937599700000060209959
NODE 9 3 1801645003 1801645004 100000000 leaves 4194304 mass [0.99999999999990886646482,1.00000000000009109694336] expectation [18.0164500326243965499379,18.0164500326293857950661] max_relative 3.23496351578329240695084e-06 seconds 7.88833434900000085576722
NODE 9 4 1788517378 1788517379 100000000 leaves 4194304 mass [0.99999999999990897098191,1.0000000000000910183387] expectation [17.885173784894560446504,17.8851737848995859126583] max_relative 2.44820116211602675925969e-06 seconds 7.89060956000000057741773
NODE 10 0 1837163226 1837163227 100000000 leaves 4194304 mass [0.999999999999908471544179,1.00000000000009153810523] expectation [18.3716322651155465877499,18.3716322651204365529188] max_relative 8.2775519130217893659792e-06 seconds 7.88073536400000040913483
NODE 10 1 1825784080 1825784081 100000000 leaves 4194304 mass [0.999999999999908542559421,1.00000000000009147186047] expectation [18.257840804688466200545,18.2578408046933930997114] max_relative 6.0717823542398346888297e-06 seconds 7.92046987700000038046256
NODE 10 2 1813757868 1813757869 100000000 leaves 4194304 mass [0.999999999999908682638342,1.00000000000009128082405] expectation [18.1375786804621706958807,18.1375786804671384061516] max_relative 4.49143971843033019143305e-06 seconds 8.0756317620000004353642
NODE 10 3 1801078692 1801078693 100000000 leaves 4194304 mass [0.999999999999908800274278,1.00000000000009118324585] expectation [18.0107869264214402599267,18.0107869264264486147687] max_relative 3.36218655911536338336135e-06 seconds 7.22900865300000017299454
NODE 10 4 1787740678 1787740679 100000000 leaves 4194304 mass [0.999999999999908898123524,1.00000000000009109455812] expectation [17.87740678738935346144,17.8774067873943974908702] max_relative 2.53644136873024740680696e-06 seconds 7.4830655620000001704284
