PACKAGE SELF-CHECK PASS
COEFFICIENT 0 1770373694 1770373697 denominator 100000000
COEFFICIENT 1 -81934787 -81934784 denominator 100000000
COEFFICIENT 2 -14609597 -14609594 denominator 100000000
COEFFICIENT 3 -295650 -295647 denominator 100000000
COEFFICIENT 4 1741 1744 denominator 100000000
COEFFICIENT 5 -2 1 denominator 100000000
COEFFICIENT 6 -2 1 denominator 100000000
COEFFICIENT 7 -1 2 denominator 100000000
COEFFICIENT 8 -1 2 denominator 100000000
ASSEMBLE PAYMENT COEFFICIENTS PASS (exact raw-integer path)
ALPHA PASS exact 19- and 60-place brackets
TAIL exact upper = 6645125311/30730000000000000 = 2.16242281516433445e-07 < 1/1000000
PAYMENT lower PASS interval [1/50,1/40] degree 12 leaves 1 min_Bernstein 129209164651/7500000000000000 ~ 1.72278886201333345e-05 local_x (Fraction(0, 1), Fraction(1, 1))
PAYMENT upper PASS interval [1/40,51/2000] degree 12 leaves 1 min_Bernstein 1621518449149069788538367/480000000000000000000000000000 ~ 3.37816343572722875e-06 local_x (Fraction(0, 1), Fraction(1, 1))
PAYMENT UPPER PASS abs_sum 1867215583/100000000 ~ 18.6721558300000012 < 19
PSD PASS min_delta 6647/20000 ~ 0.332349999999999979 at (33, Fraction(1, 50))
PSD PASS min_halfdiag_minus_delta 4741/40000 ~ 0.118525000000000005 at (102, Fraction(1, 50))
RATIONAL S69 PASS eta 1/1000 M 19 K [1/50,51/2000]
S63 FIXED WITNESS FAIL a=0.02 upper_gap -253354012427/4277700000000 ~ -0.0592266901435350782
S63 FIXED WITNESS FAIL a=0.026 upper_gap -10786617428162916593/67885136718750000000 ~ -0.158895127115264878
TIGHT 026 PROBE PSD PASS Cdagger=Cbar+1/1000 on [51/2000,13/500]
