FULL_WORDS 4194304 MASS [0.9999999999997312296424676,1.000000000000268880078792] FMAX 25.7227342437602792546425 VMAX 2417.633838916604539948096 460.562148522402271672016 15265.02124768374100050039
WALSH_DONE
COEFF 0 0 [18.9912694688806801303349,18.99126946888687708127341] [4.193529404555939759866034,4.193529404557076560589035] [144.8307913299722380351398,144.8307913300075885493223]
COEFF 0 1 [0.2334833358032170544778478,0.2334833358032770402263126] [0.05445856665789673377433893,0.05445856665790771415042539] [1.903577245995213408787626,1.90357724599555459875453]
COEFF 0 2 [-7.804835258668811675571241e-05,-7.804835258639496013497535e-05] [-4.830936962213712006081347e-07,-4.830936961677857611014739e-07] [7.458895226778413822383049e-05,7.458895226944833913951722e-05]
COEFF 0 3 [7.980808647511817165044267e-08,7.98080864760731187742811e-08] [2.76389292393283502350335e-08,2.7638929239502744379458e-08] [1.553751750447963190162367e-06,1.553751750453376162793794e-06]
COEFF 0 4 [3.900996085606489720669914e-10,3.90099608562963858897378e-10] [9.009184980897785365018256e-11,9.009184980940033484169036e-11] [4.363603165704559603084737e-09,4.363603165717663933250328e-09]
COEFF 0 5 [9.060159745076891788176157e-13,9.060159745121136911785061e-13] [2.110954341555336568325656e-13,2.110954341563407537490509e-13] [9.068789264032689371953196e-12,9.068789264057705668237275e-12]
COEFF 0 6 [1.60834252345699582799446e-15,1.608342523463897628676579e-15] [3.871141879594414771292615e-16,3.871141879606999272772455e-16] [1.563502021811367498948187e-14,1.563502021815265434784951e-14]
COEFF 0 7 [2.376157013185072827246116e-18,2.376157013194054320479675e-18] [5.833561646914457748573801e-19,5.833561646930828022386121e-19] [2.286785035137026601070088e-17,2.286785035142093958680189e-17]
COEFF 0 8 [2.980968274046807718112155e-21,2.980968274056698486455382e-21] [7.432483180331102048095842e-22,7.432483180349123432602154e-22] [2.862896840311579045589757e-20,2.862896840317154374447278e-20]
COEFF 1 0 [-1.302629619375544811708117,-1.302629619375002587131247] [-0.2813445936109673958911044,-0.2813445936108678125449779] [-10.19466156826964931426255,-10.19466156826655805524295]
COEFF 1 1 [0.01066106528501271835640394,0.01066106528501754567425034] [0.001929092326949621799935218,0.001929092326950506509966757] [0.07419583193054068931480537,0.07419583193056812995001869]
COEFF 1 2 [2.63701984138387424576662e-06,2.637019841405594086491314e-06] [7.389050738177991074844933e-07,7.389050738217729162861213e-07] [2.747674879070459132708813e-05,2.74767487908277888033795e-05]
COEFF 1 3 [1.50159001026799072996858e-09,1.501590010333058854791894e-09] [1.177781620530618617556352e-09,1.177781620542507331393813e-09] [1.601607222413259089834868e-08,1.601607222450103254457195e-08]
COEFF 1 4 [-2.919681638666065894297948e-12,-2.919681638521349906140823e-12] [6.151263635758034651435111e-13,6.151263636022180960709697e-13] [-3.17759965913365075991744e-11,-3.17759965905182176509716e-11]
COEFF 1 5 [-1.323810552135674680058447e-14,-1.323810552110380780657429e-14] [-1.706345207961445416449955e-15,-1.706345207915311275620497e-15] [-1.387339222886615348050312e-13,-1.387339222872329922000744e-13]
COEFF 1 6 [-2.979244472681028674942802e-17,-2.979244472645091551626503e-17] [-5.613711533320588390928e-18,-5.613711533255077612283453e-18] [-3.031389758739967219759735e-16,-3.031389758719691424602348e-16]
COEFF 1 7 [-4.90360030780273284332818e-20,-4.903600307760329561516776e-20] [-1.031249790092103046534745e-20,-1.031249790084376466845087e-20] [-4.910691702428476804182017e-19,-4.910691702404574203310871e-19]
COEFF 2 0 [-0.1435160453062032685837791,-0.1435160453061762468368514] [-0.03116982313058172667564235,-0.03116982313057677919346689] [-1.082812830255005880487722,-1.082812830254852068520219]
COEFF 2 1 [-3.391701132373935225680713e-05,-3.391701132351866320900017e-05] [-1.941363742422346848057895e-05,-1.941363742418311074546535e-05] [-0.0007697815023684083003203896,-0.0007697815023671552317537153]
COEFF 2 2 [-8.402532819364301982772287e-08,-8.402532819272956334670237e-08] [-4.090806759486604761491616e-08,-4.090806759469917373617867e-08] [-1.475651539920336325441541e-06,-1.475651539915159884796081e-06]
COEFF 2 3 [-2.083669428616977626066496e-10,-2.083669428591816731799371e-10] [-8.056178612940819040213428e-11,-8.056178612894893187151458e-11] [-2.765144498261861938775396e-09,-2.765144498247626768701914e-09]
COEFF 2 4 [-3.800137845597907050812518e-13,-3.800137845546571444474475e-13] [-1.305810510251918068350893e-13,-1.305810510242554228392459e-13] [-4.432547425823054851943155e-12,-4.432547425794050465802857e-12]
COEFF 2 5 [-5.604000219916628577922039e-16,-5.604000219834598418321305e-16] [-1.84666379302966077308225e-16,-1.84666379301470610858298e-16] [-6.186504998912004606062497e-15,-6.186504998865710844255544e-15]
COEFF 2 6 [-6.912002649111351764118793e-19,-6.912002649005262889732929e-19] [-2.27277038846517057002545e-19,-2.272770388445837983210781e-19] [-7.399477810290037541305203e-18,-7.399477810230224075705532e-18]
COEFF 3 0 [-8.361464289020611303284688e-06,-8.361464288050337437040426e-06] [0.0001011014430151433221247126,0.0001011014430153207045418309] [0.002254501219461766679594877,0.002254501219467275609512614]
COEFF 3 1 [-1.40817372181408597235215e-07,-1.408173721741910213749513e-07] [1.062143578114280121652489e-07,1.0621435781274630365289e-07] [3.126249155332763049774805e-06,3.126249155373658367500553e-06]
COEFF 3 2 [6.876832348134100901456747e-10,6.876832348407618731888551e-10] [2.469628407018665248379067e-10,2.469628407068587230089648e-10] [1.381471654624921201888512e-08,1.381471654640394285795757e-08]
COEFF 3 3 [2.945659927499993214600186e-12,2.945659927569027027414414e-12] [7.679141968551307830907286e-13,7.679141968677230130570348e-13] [3.938270543096697845776229e-11,3.938270543135699511054578e-11]
COEFF 3 4 [7.2328777009037408938868e-15,7.232877701032600554693791e-15] [1.841086220855118261918892e-15,1.84108622087861110609237e-15] [8.554767046080674228375144e-14,8.554767046153395046750415e-14]
COEFF 3 5 [1.332227044470339999409585e-17,1.33222704448912291902847e-17] [3.431192504583211558197786e-18,3.431192504617440949539436e-18] [1.487858821606637087929371e-16,1.487858821617227105988453e-16]
COEFF 4 0 [4.09283731206674890709549e-06,4.092837312093605483382652e-06] [8.30478770485007767460296e-07,8.304787704899157740383104e-07] [5.314043072440648142392542e-05,5.314043072455880699842486e-05]
COEFF 4 1 [1.15235707895099798539355e-08,1.15235707896911198525492e-08] [4.72224590108006240689054e-09,4.722245901113133560339647e-09] [1.575090658911883200223952e-07,1.575090658922134934102215e-07]
COEFF 4 2 [2.218486201450675629399945e-11,2.218486201513201271549075e-11] [9.912736841686851905743972e-12,9.912736841800919894173881e-12] [2.702783027624556060250198e-10,2.702783027659887550861205e-10]
COEFF 4 3 [3.147991343296719057820496e-14,3.147991343440521165508672e-14] [1.472185349738735914902863e-14,1.472185349764954867422157e-14] [3.611097678988599249206207e-13,3.61109767906975977116429e-13]
COEFF 4 4 [2.949737851467538823148211e-17,2.949737851711788830091741e-17] [1.628196756927218156789818e-17,1.62819675697173126784949e-17] [3.153983476532717595308499e-16,3.153983476670435046175085e-16]
COEFF 5 0 [-3.888720177576808190075319e-08,-3.888720177517381727996859e-08] [-1.913602275418628964301107e-08,-1.913602275407778359608044e-08] [-7.872741844797460106096352e-07,-7.872741844763806918415268e-07]
COEFF 5 1 [-1.556450728430800825677936e-10,-1.556450728394654760072989e-10] [-6.693003045838122113958494e-11,-6.693003045772178075447449e-11] [-2.437157258139938820130228e-09,-2.437157258119507568456197e-09]
COEFF 5 2 [-4.649157559335662662305329e-13,-4.649157559222520972789955e-13] [-1.624777720297075620926358e-13,-1.624777720276447111263252e-13] [-6.163686804235804443397996e-12,-6.163686804171937666949167e-12]
COEFF 5 3 [-1.029168761722901302537597e-15,-1.029168761699295202320402e-15] [-3.263202544652004452165144e-16,-3.26320254460898470390425e-16] [-1.250404329965704727027412e-14,-1.250404329952393516847587e-14]
COEFF 6 0 [-1.011238635404488715826972e-10,-1.011238635296875729050143e-10] [-2.178376296937422421064107e-12,-2.178376294973987571743729e-12] [5.253307490907929229167671e-10,5.253307491516418549506513e-10]
COEFF 6 1 [-8.28185857375005546263709e-14,-8.281858567870762669386787e-14] [-8.042243956756073760015444e-14,-8.042243955684073614944642e-14] [1.831931697751942487771658e-12,1.831931698083858438960611e-12]
COEFF 6 2 [1.105521963604617925221286e-15,1.10552196377089442135052e-15] [1.04972157253073150201827e-16,1.049721572833763428096644e-16] [1.813574571102881945925487e-14,1.813574571196645625095669e-14]
COEFF 7 0 [5.562509869210898926510579e-12,5.562509869373288687114122e-12] [2.164713130326681702239944e-12,2.164713130356299529694323e-12] [7.46889536036110513454045e-11,7.4688953604528366201557e-11]
COEFF 7 1 [2.135670058647301451193351e-14,2.135670058726504350257956e-14] [8.055868406298986744972694e-15,8.055868406443349020170402e-15] [2.711731628484745931251676e-13,2.71173162852942005023983e-13]
COEFF 8 0 [-3.869040364724011539219642e-14,-3.869040364517256154531769e-14] [-1.45896400796213780061769e-14,-1.458964007924446647640118e-14] [-6.060417058506448256555602e-13,-6.060417058389774720903608e-13]
COEFFICIENT_ENCLOSURES_COMPLETE degree 8 normalization 1/4194304
