S79 computation
Python: 3.12.14 (main, Aug 25 2026, 14:01:42) [MSC v.1944 64 bit (AMD64)]
NumPy: 2.3.5
mpmath: 1.3.0

ARBITRARY LAYER-BISTOCHASTIC COUNTEREXAMPLE
m=36, c=4/5, identity layers=[16, 17, 18, 19, 20], shell-mixed elsewhere
floating H'' = 10.474531138472335
interval H'' = [10.47453113847398137818526924002716783087495642744639248227461584711737446340842402854, 10.47453113847398137818526924002716783087495642744639248227461584711737446341269181388]
certified positive = True
shell H_*'' = -294.2957856094156
resolved -Cov(X^2,j) = 6.130529639058225
resolved 4r(E_W-E_*) = 3.661890073400335
defect minus payment = 2.4686395656578903

CONSECUTIVE-FOURIER EXTERIOR CHANNEL DIAGNOSTICS AT c=0.95
m        H_U''             H_*''             J''              -Cov          4r DeltaE      ratio
2  -122.979024067912  -122.979024067912   0.000000000000   0.000000000000   0.000000000000   nan
3  -165.799043433718  -163.214937128434   2.584106305284   0.010965768868   0.012501091404   0.877184920443
4  -202.786959378902  -194.155064309675   8.631895069227   0.030517405235   0.035645964766   0.856125102379
5  -236.224323851967  -218.127608837349   18.096715014617   0.056288660641   0.067040654210   0.839619799420
6  -267.408667727157  -236.831316699915   30.577351027242   0.086599618042   0.104766864492   0.826593584353
7  -297.122884199014  -251.533027603148   45.589856595866   0.120285985876   0.147372771768   0.816202236230

max unitary residual       = 1.7763634531418856e-15
max bistochastic residual  = 1.9984014443252818e-15
max deletion residual      = 1.9984014443252818e-15
max curvature residual     = 7.389644451905042e-13
max shell identity residual= 5.258016244624741e-13
exit_status=0
