MASS [0.999999999999731229642468,1.00000000000026888007879] VMAX 1485.54707480455157231347 9201.48593672249765873516
RAW 0 [17.7601222671668066664663,17.7601222671795417433482] [83.9271533362652142895577,83.9271533363202592165075]
RAW 1 [-1.2490687828433136859858,-1.24906878284238731795404] [-5.63446224865498790194962,-5.63446224865067734656476]
RAW 2 [-0.117915649778790924562136,-0.117915649778728286116544] [-0.625408979509631689404098,-0.625408979509228188874669]
RAW 3 [0.000217264937883539394828701,0.00021726493788418735291785] [0.00202923635203309014232422,0.00202923635203742318574095]
RAW 4 [7.20211529000460549032723e-06,7.20211529001085128628715e-06] [1.71036774745418095875589e-05,1.71036774745655520335671e-05]
RAW 5 [-8.93903888055479004321413e-08,-8.93903888054539296643268e-08] [-3.86488647392048257957562e-07,-3.86488647391688771673996e-07]
RAW 6 [-6.92153409942313972876251e-11,-6.921534099386135959434e-11] [1.34785230809429211155873e-12,1.34785230969605491562669e-12]
RAW 7 [1.00225752611309184531577e-11,1.00225752611393776342586e-11] [4.33706322776825174482077e-11,4.33706322777176602454358e-11]
RAW 8 [-7.10658082494178983786371e-14,-7.10658082493059175147071e-14] [-3.05551925145662019736819e-13,-3.05551925145144007789259e-13]
COEFFICIENT 0 1776012226 1776012227 denominator 100000000
COEFFICIENT 1 -82943302 -82943301 denominator 100000000
COEFFICIENT 2 -14608797 -14608796 denominator 100000000
COEFFICIENT 3 -290978 -290977 denominator 100000000
COEFFICIENT 4 1734 1735 denominator 100000000
COEFFICIENT 5 -1 0 denominator 100000000
COEFFICIENT 6 -1 0 denominator 100000000
COEFFICIENT 7 0 1 denominator 100000000
COEFFICIENT 8 0 1 denominator 100000000
COEFFICIENT 9 -1 0 denominator 100000000
TAIL_UPPER 5.20996369151097059556545e-09 DECLARED_REMAINDER 1/1000000
PAYMENT PASS cells 600 gap_lower 0.0874966245381764082188441 P_upper 18.3317853110344280154198 epsilon 1/25
